// Jest Snapshot v1, https://goo.gl/fbAQLP

exports[`PasswordReset renders on the page with no errors 1`] = `
<WithStyles(ForwardRef(Grid))
  alignItems="center"
  container={true}
  direction="column"
  justify="center"
  spacing={4}
>
  <WithStyles(ForwardRef(Grid))
    item={true}
  >
    <WithStyles(ForwardRef(Typography))
      variant="h4"
    >
      <FormattedMessage
        defaultMessage="Password Reset"
        id="app.password_reset.header"
      />
    </WithStyles(ForwardRef(Typography))>
  </WithStyles(ForwardRef(Grid))>
  <WithStyles(ForwardRef(Grid))
    item={true}
  >
    <FormattedMessage
      defaultMessage="Forgotten your password?"
      id="app.password_reset.verify"
    />
  </WithStyles(ForwardRef(Grid))>
  <WithStyles(ForwardRef(Grid))
    item={true}
  >
    <FormattedMessage
      defaultMessage="Enter your e-mail address below, and well send you an e-mail allowing you to reset it."
      id="app.password_reset.email"
    />
  </WithStyles(ForwardRef(Grid))>
  <WithStyles(ForwardRef(Grid))
    item={true}
  >
    <form
      onSubmit={[Function]}
    >
      <WithStyles(ForwardRef(Grid))
        item={true}
      >
        <WithStyles(ForwardRef(TextField))
          InputProps={
            Object {
              "startAdornment": <WithStyles(ForwardRef(InputAdornment))
                position="start"
              >
                <Memo(MailIcon) />
              </WithStyles(ForwardRef(InputAdornment))>,
            }
          }
          error={false}
          fullWidth={true}
          margin="dense"
          onChange={[Function]}
          placeholder="Email"
          required={true}
          variant="outlined"
        />
      </WithStyles(ForwardRef(Grid))>
      <WithStyles(ForwardRef(Grid))
        item={true}
      >
        <WithStyles(ForwardRef(Button))
          color="primary"
          type="submit"
          variant="contained"
        >
          <FormattedMessage
            defaultMessage="Reset Password"
            id="app.password_reset.reset"
          />
        </WithStyles(ForwardRef(Button))>
      </WithStyles(ForwardRef(Grid))>
    </form>
  </WithStyles(ForwardRef(Grid))>
</WithStyles(ForwardRef(Grid))>
`;
