// Jest Snapshot v1, https://goo.gl/fbAQLP

exports[`PasswordResetCallback renders on the page with no errors 1`] = `
<Fragment>
  <WithStyles(ForwardRef(Grid))
    alignItems="center"
    container={true}
    direction="column"
    justify="center"
    spacing={4}
  >
    <WithStyles(ForwardRef(Grid))
      item={true}
    >
      <WithStyles(ForwardRef(Typography))
        variant="h4"
      >
        <FormattedMessage
          defaultMessage="Password Reset"
          id="app.password_reset_callback.header"
        />
      </WithStyles(ForwardRef(Typography))>
    </WithStyles(ForwardRef(Grid))>
    <WithStyles(ForwardRef(Grid))
      item={true}
    >
      <FormattedMessage
        defaultMessage="Enter a new password for your account below."
        id="app.password_reset_callback.new_password"
      />
    </WithStyles(ForwardRef(Grid))>
    <WithStyles(ForwardRef(Grid))
      item={true}
    >
      <form
        onSubmit={[Function]}
      >
        <WithStyles(ForwardRef(Grid))
          item={true}
        >
          <WithStyles(ForwardRef(TextField))
            InputProps={
              Object {
                "startAdornment": <WithStyles(ForwardRef(InputAdornment))
                  position="start"
                >
                  <Memo(LockIcon) />
                </WithStyles(ForwardRef(InputAdornment))>,
              }
            }
            error={false}
            fullWidth={true}
            margin="dense"
            onChange={[Function]}
            placeholder="Password"
            required={true}
            type="password"
            variant="outlined"
          />
        </WithStyles(ForwardRef(Grid))>
        <WithStyles(ForwardRef(Grid))
          item={true}
        >
          <WithStyles(ForwardRef(TextField))
            InputProps={
              Object {
                "startAdornment": <WithStyles(ForwardRef(InputAdornment))
                  position="start"
                >
                  <Memo(LockIcon) />
                </WithStyles(ForwardRef(InputAdornment))>,
              }
            }
            error={false}
            fullWidth={true}
            margin="dense"
            onChange={[Function]}
            placeholder="Password"
            required={true}
            type="password"
            variant="outlined"
          />
        </WithStyles(ForwardRef(Grid))>
        <WithStyles(ForwardRef(Grid))
          item={true}
        >
          <WithStyles(ForwardRef(Button))
            color="primary"
            type="submit"
            variant="contained"
          >
            <FormattedMessage
              defaultMessage="Set Password"
              id="app.password_reset_callback.set"
            />
          </WithStyles(ForwardRef(Button))>
        </WithStyles(ForwardRef(Grid))>
      </form>
    </WithStyles(ForwardRef(Grid))>
  </WithStyles(ForwardRef(Grid))>
</Fragment>
`;
