// Jest Snapshot v1, https://goo.gl/fbAQLP

exports[`NotFound renders on the page with no errors 1`] = `
<WithStyles(ForwardRef(Grid))
  alignItems="center"
  container={true}
  direction="column"
  justify="center"
  spacing={4}
>
  <WithStyles(ForwardRef(Grid))
    item={true}
  >
    <img
      alt="Not Found"
      src={Object {}}
    />
  </WithStyles(ForwardRef(Grid))>
  <WithStyles(ForwardRef(Grid))
    item={true}
  >
    <WithStyles(ForwardRef(Typography))
      variant="h4"
    >
      <FormattedMessage
        defaultMessage="Sorry, the page you're looking for doesn't exist."
        id="app.global.not_exist"
      />
    </WithStyles(ForwardRef(Typography))>
  </WithStyles(ForwardRef(Grid))>
</WithStyles(ForwardRef(Grid))>
`;
