// Jest Snapshot v1, https://goo.gl/fbAQLP

exports[`The Blog component renders on the page with no errors 1`] = `
<WithStyles(ForwardRef(Grid))
  container={true}
  direction="column"
>
  <WithStyles(ForwardRef(Typography))
    style={
      Object {
        "color": "grey",
        "fontStyle": "italic",
      }
    }
    variant="caption"
  >
    No Blog Post Available
  </WithStyles(ForwardRef(Typography))>
</WithStyles(ForwardRef(Grid))>
`;
