// Jest Snapshot v1, https://goo.gl/fbAQLP

exports[`The CodeViewer component renders on the page with no errors 1`] = `
<Fragment>
  <WithStyles(ForwardRef(Button))
    color="primary"
    onClick={[Function]}
    variant="contained"
  >
    View JavaScript
  </WithStyles(ForwardRef(Button))>
  <WithStyles(ForwardRef(Dialog))
    maxWidth="md"
    onClose={[Function]}
    open={false}
  >
    <WithStyles(ForwardRef(DialogTitle))>
      <FormattedMessage
        defaultMessage="Here is the code in"
        id="app.code_viewer.description"
      />
       
      <WithStyles(ForwardRef(Link))
        href="https://en.wikipedia.org/wiki/JavaScript"
      >
        JavaScript
      </WithStyles(ForwardRef(Link))>
      :
    </WithStyles(ForwardRef(DialogTitle))>
    <WithStyles(ForwardRef(DialogContent))
      dividers={true}
    >
      <ReactAce
        cursorStart={1}
        editorProps={
          Object {
            "$blockScrolling": true,
          }
        }
        enableBasicAutocompletion={false}
        enableLiveAutocompletion={false}
        enableSnippets={false}
        focus={false}
        fontSize={14}
        height="500px"
        highlightActiveLine={true}
        maxLines={null}
        minLines={null}
        mode="javascript"
        name="ace-editor"
        navigateToFileEnd={true}
        onChange={null}
        onLoad={null}
        onPaste={null}
        onScroll={null}
        placeholder={null}
        readOnly={true}
        scrollMargin={
          Array [
            0,
            0,
            0,
            0,
          ]
        }
        setOptions={Object {}}
        showGutter={true}
        showPrintMargin={true}
        style={Object {}}
        tabSize={4}
        theme="github"
        value="test code"
        width="750px"
        wrapEnabled={false}
      />
    </WithStyles(ForwardRef(DialogContent))>
  </WithStyles(ForwardRef(Dialog))>
</Fragment>
`;
