// Jest Snapshot v1, https://goo.gl/fbAQLP

exports[`The CourseList component renders on the page with no errors 1`] = `
<Fragment>
  <WithStyles(ForwardRef(Container))
    className="CourseList-mainContainer-1"
  >
    <WithStyles(WithStyles(ForwardRef(Grid)))
      container={true}
      direction="row"
      item={true}
      justify="space-between"
    >
      <WithStyles(ForwardRef(Grid))
        item={true}
      >
        <WithStyles(WithStyles(ForwardRef(Typography)))
          variant="h4"
        >
          Courses
        </WithStyles(WithStyles(ForwardRef(Typography)))>
      </WithStyles(ForwardRef(Grid))>
    </WithStyles(WithStyles(ForwardRef(Grid)))>
    <WithStyles(ForwardRef(Grid))
      container={true}
      spacing={2}
    >
      <WithStyles(ForwardRef(Grid))
        item={true}
        xs={4}
      >
        <WithStyles(ForwardRef(TextField))
          InputProps={
            Object {
              "endAdornment": <WithStyles(ForwardRef(InputAdornment))
                position="end"
              >
                <Memo(SearchIcon) />
              </WithStyles(ForwardRef(InputAdornment))>,
            }
          }
          className="prompt"
          icon="search"
          onChange={[Function]}
          placeholder="Search courses"
          size="small"
          variant="outlined"
        />
      </WithStyles(ForwardRef(Grid))>
      <WithStyles(ForwardRef(Grid))
        item={true}
        xs={8}
      >
        <WithStyles(ForwardRef(Grid))
          container={true}
          justify="flex-end"
          spacing={2}
        >
          <WithStyles(ForwardRef(Grid))
            item={true}
          >
            <WithStyles(ForwardRef(Button))
              aria-controls="sort-menu"
              aria-haspopup="true"
              onClick={[Function]}
            >
              <FormattedMessage
                defaultMessage="Sort"
                id="app.program_collection.sort"
              />
            </WithStyles(ForwardRef(Button))>
            <WithStyles(ForwardRef(Menu))
              anchorEl={null}
              anchorOrigin={
                Object {
                  "horizontal": "center",
                  "vertical": "bottom",
                }
              }
              getContentAnchorEl={null}
              id="sort-menu"
              keepMounted={true}
              onClose={[Function]}
              open={false}
              transformOrigin={
                Object {
                  "horizontal": "center",
                  "vertical": "top",
                }
              }
            >
              <WithStyles(ForwardRef(MenuItem))
                id="name"
                onClick={[Function]}
              >
                <FormattedMessage
                  defaultMessage="Name"
                  id="app.program_collection.name"
                />
                <ArrowDownwardIcon />
              </WithStyles(ForwardRef(MenuItem))>
            </WithStyles(ForwardRef(Menu))>
          </WithStyles(ForwardRef(Grid))>
        </WithStyles(ForwardRef(Grid))>
      </WithStyles(ForwardRef(Grid))>
    </WithStyles(ForwardRef(Grid))>
    <WithStyles(ForwardRef(Grid))
      alignItems="stretch"
      container={true}
      direction="column"
      justify="center"
    >
      <WithStyles(ForwardRef(Grid))
        item={true}
      >
        <Styled(MuiBox)
          className="CourseList-listContainer-2"
        >
          <Course
            course={
              Object {
                "description": "This is a test",
                "id": 1,
                "lessons": Array [
                  Object {
                    "active_bd": 1,
                    "active_bd_owned": false,
                    "description": "The first lesson",
                    "id": 1,
                    "reference": "Lesson1",
                    "sequence_number": 1,
                    "state": Object {
                      "progress": "IN_PROGRESS",
                    },
                  },
                  Object {
                    "active_bd": 2,
                    "active_bd_owned": true,
                    "description": "The second lesson",
                    "id": 2,
                    "reference": "Lesson2",
                    "sequence_number": 1,
                    "state": Object {
                      "progress": "AVAILABLE",
                    },
                  },
                ],
                "name": "Test",
              }
            }
            key="1"
            onLessonClick={[Function]}
            userTier={1}
          />
        </Styled(MuiBox)>
      </WithStyles(ForwardRef(Grid))>
    </WithStyles(ForwardRef(Grid))>
    <Styled(MuiBox)
      className="CourseList-paginationPaddedBox-3"
    >
      <WithStyles(ForwardRef(Pagination))
        color="secondary"
        count={2}
        defaultPage={1}
        onChange={[Function]}
        showFirstButton={true}
        showLastButton={true}
      />
    </Styled(MuiBox)>
  </WithStyles(ForwardRef(Container))>
  <WithStyles(ForwardRef(Divider)) />
  <Footer />
</Fragment>
`;
