// Jest Snapshot v1, https://goo.gl/fbAQLP

exports[`The Footer component renders on the page with no errors 1`] = `
<WithStyles(ForwardRef(Container))
  className="makeStyles-root-1"
  maxWidth="lg"
>
  <WithStyles(ForwardRef(Grid))
    alignItems="center"
    container={true}
    direction="column"
    justify="center"
  >
    <WithStyles(ForwardRef(Grid))
      item={true}
    >
      <WithStyles(ForwardRef(Typography))
        variant="body2"
      >
        <FormattedMessage
          defaultMessage="All users must follow the "
          id="app.protected_route.conduct_message"
        />
        <WithStyles(ForwardRef(Link))
          href="https://docs.rovercode.com/conduct/code-of-conduct"
        >
          <FormattedMessage
            defaultMessage="Rovercode Code of Conduct."
            id="app.protected_route.conduct_link"
          />
        </WithStyles(ForwardRef(Link))>
        <FormattedMessage
          defaultMessage=" If you see inappropriate behavior or feel you are being harassed, please stop using Rovercode and tell your teacher"
          id="app.protected_route.inappropriate_message"
        />
        <FormattedMessage
          defaultMessage=" Teachers, visit "
          id="app.protected_route.teachers_message"
        />
        <WithStyles(ForwardRef(Link))
          href="https://docs.rovercode.com/conduct/report"
        >
          <FormattedMessage
            defaultMessage="this page "
            id="app.protected_route.teachers_link"
          />
        </WithStyles(ForwardRef(Link))>
        <FormattedMessage
          defaultMessage="to report the issue."
          id="app.protected_route.teachers_secondmessage"
        />
      </WithStyles(ForwardRef(Typography))>
    </WithStyles(ForwardRef(Grid))>
  </WithStyles(ForwardRef(Grid))>
</WithStyles(ForwardRef(Container))>
`;
