// Jest Snapshot v1, https://goo.gl/fbAQLP

exports[`The LessonCard component renders on the page with no errors 1`] = `
<WithStyles(ForwardRef(Card))
  className=""
>
  <WithStyles(ForwardRef(CardActionArea))
    data-owned={false}
    disabled={false}
    id={1}
    onClick={[Function]}
  >
    <WithStyles(ForwardRef(CardHeader))
      action={<WithStyles(ForwardRef(SvgIcon)) />}
      subheader="This is a test"
      title="Test"
    />
  </WithStyles(ForwardRef(CardActionArea))>
</WithStyles(ForwardRef(Card))>
`;
