// Jest Snapshot v1, https://goo.gl/fbAQLP

exports[`The ProgramList component renders on the page with no errors 1`] = `
<Fragment>
  <WithStyles(ForwardRef(Grid))
    alignItems="center"
    container={true}
    direction="column"
    justify="center"
  >
    <WithStyles(ForwardRef(Grid))
      item={true}
    >
      <Styled(MuiBox)
        m={2}
      >
        <injectIntl(WithStyles(ProgramCollection))
          label="My Programs"
          onProgramClick={[Function]}
          onRemoveClick={[Function]}
          onUpdate={[Function]}
          programs={
            Object {
              "next": null,
              "previous": null,
              "results": Array [],
              "total_pages": 1,
            }
          }
          tag={
            Object {
              "tags": Array [],
            }
          }
          user={
            Object {
              "tier": 1,
              "user_id": 1,
              "username": "testuser",
            }
          }
        />
      </Styled(MuiBox)>
    </WithStyles(ForwardRef(Grid))>
  </WithStyles(ForwardRef(Grid))>
  <ConfirmDialog
    cancelButton="No, don't remove program"
    confirmButton="Yes, remove program"
    onCancel={[Function]}
    onConfirm={[Function]}
    open={false}
    title="Remove Program"
  >
    Are you sure you want to remove Test Program?
  </ConfirmDialog>
  <WithStyles(ForwardRef(Divider)) />
  <Footer />
</Fragment>
`;
